

================================================================
== Synthesis Summary Report of 'computeTempFPGA'
================================================================
+ General Information: 
    * Date:           Sun Nov 19 17:37:14 2023
    * Version:        2020.2.2 (Build 3118627 on Tue Feb  9 05:13:49 MST 2021)
    * Project:        3D.prj
    * Solution:       solution1 (Vivado IP Flow Target)
    * Product family: virtexuplus
    * Target device:  xcu50-fsvh2104-2-e
    

+ Performance & Resource Estimates: 
    
    PS: '+' for module; 'o' for loop; '*' for dataflow
    +-----------------------------------------------------+------+-------+------------+-----------+----------+------------+---------+----------+------+----------+------------+------------+-----+
    |                       Modules                       | Issue|       |  Latency   |  Latency  | Iteration|            |   Trip  |          |      |          |            |            |     |
    |                       & Loops                       | Type | Slack |  (cycles)  |    (ns)   |  Latency |  Interval  |  Count  | Pipelined| BRAM |    DSP   |     FF     |     LUT    | URAM|
    +-----------------------------------------------------+------+-------+------------+-----------+----------+------------+---------+----------+------+----------+------------+------------+-----+
    |+ computeTempFPGA                                    |     -|  -0.04|  9227469143|  4.614e+10|         -|  9227469144|        -|        no|     -|  29 (~0%)|  3303 (~0%)|  2547 (~0%)|    -|
    | o VITIS_LOOP_28_1                                   |     -|  -3.65|  9227469099|  4.614e+10|  92274691|           -|      100|        no|     -|         -|           -|           -|    -|
    |  o VITIS_LOOP_30_2_VITIS_LOOP_32_3_VITIS_LOOP_34_4  |    II|  -3.65|    92274688|  4.614e+08|        44|          44|  2097152|       yes|     -|         -|           -|           -|    -|
    +-----------------------------------------------------+------+-------+------------+-----------+----------+------------+---------+----------+------+----------+------------+------------+-----+

